Archive member included because of file (symbol)

lib_bootstrap/libbootstrap.a(bootstrap_board.o)
                              cpu/mips/start_bootstrap.o (bootstrap_board_init_r)
lib_bootstrap/libbootstrap.a(string.o)
                              lib_bootstrap/libbootstrap.a(bootstrap_board.o) (memset)
lib_bootstrap/libbootstrap.a(crc32.o)
                              lib_bootstrap/libbootstrap.a(bootstrap_board.o) (crc32)
lib_bootstrap/libbootstrap.a(LzmaWrapper.o)
                              lib_bootstrap/libbootstrap.a(bootstrap_board.o) (lzma_inflate)
lib_bootstrap/libbootstrap.a(time.o)
                              lib_bootstrap/libbootstrap.a(bootstrap_board.o) (timer_init)
lib_bootstrap/libbootstrap.a(LzmaDecode.o)
                              lib_bootstrap/libbootstrap.a(LzmaWrapper.o) (LzmaDecodeProperties)
board/atheros/board953x/libboard953x.a(board953x.o)
                              lib_bootstrap/libbootstrap.a(bootstrap_board.o) (initdram)
board/atheros/board953x/libboard953x.a(init-953x.o)
                              board/atheros/board953x/libboard953x.a(board953x.o) (ath_ddr_find_size)
board/atheros/board953x/libboard953x.a(serial.o)
                              lib_bootstrap/libbootstrap.a(bootstrap_board.o) (serial_init)
board/atheros/board953x/libboard953x.a(ath_pci.o)
                              lib_bootstrap/libbootstrap.a(bootstrap_board.o) (pci_init_board)
board/atheros/board953x/libboard953x.a(953x.o)
                              cpu/mips/start_bootstrap.o (lowlevel_init)
cpu/mips/libmips.a(interrupts.o)
                              lib_bootstrap/libbootstrap.a(bootstrap_board.o) (disable_interrupts)
cpu/mips/libmips.a(cache.o)   cpu/mips/start_bootstrap.o (simple_mips_cache_reset)

Allocating common symbols
Common symbol       size              file

monitor_flash_len   0x4               lib_bootstrap/libbootstrap.a(bootstrap_board.o)
___strtok           0x4               lib_bootstrap/libbootstrap.a(string.o)

Discarded input sections

 .reginfo       0x0000000000000000        0x0 lib_bootstrap/libbootstrap.a(bootstrap_board.o)
 .reginfo       0x0000000000000000        0x0 lib_bootstrap/libbootstrap.a(string.o)
 .reginfo       0x0000000000000000        0x0 lib_bootstrap/libbootstrap.a(crc32.o)
 .reginfo       0x0000000000000000        0x0 lib_bootstrap/libbootstrap.a(LzmaWrapper.o)
 .reginfo       0x0000000000000000        0x0 lib_bootstrap/libbootstrap.a(time.o)
 .reginfo       0x0000000000000000        0x0 lib_bootstrap/libbootstrap.a(LzmaDecode.o)
 .reginfo       0x0000000000000000        0x0 board/atheros/board953x/libboard953x.a(board953x.o)
 .reginfo       0x0000000000000000        0x0 board/atheros/board953x/libboard953x.a(init-953x.o)
 .reginfo       0x0000000000000000        0x0 board/atheros/board953x/libboard953x.a(serial.o)
 .reginfo       0x0000000000000000        0x0 board/atheros/board953x/libboard953x.a(ath_pci.o)
 .reginfo       0x0000000000000000        0x0 board/atheros/board953x/libboard953x.a(953x.o)
 .reginfo       0x0000000000000000        0x0 cpu/mips/libmips.a(interrupts.o)
 .reginfo       0x0000000000000000        0x0 cpu/mips/libmips.a(cache.o)

Memory Configuration

Name             Origin             Length             Attributes
*default*        0x0000000000000000 0xffffffffffffffff

Linker script and memory map

                0x0000000000000000                . = 0x0
                0x0000000000000000                . = ALIGN (0x4)

.text           0x000000009f000000     0x3270
 *(.text)
 .text          0x000000009f000000      0x950 cpu/mips/start_bootstrap.o
                0x000000009f000000                _start_bootstrap
                0x000000009f000650                bootstrap_relocate_code
                0x000000009f000714                ath_ddr_tap_cal
 .text          0x000000009f000950      0x350 lib_bootstrap/libbootstrap.a(bootstrap_board.o)
                0x000000009f0009f4                hang
                0x000000009f000950                malloc
                0x000000009f000990                realloc
                0x000000009f0009a0                sbrk
                0x000000009f000b70                bootstrap_board_init_f
                0x000000009f000a48                bootstrap_board_init_r
                0x000000009f000998                free
 .text          0x000000009f000ca0      0x5a0 lib_bootstrap/libbootstrap.a(string.o)
                0x000000009f001038                memmove
                0x000000009f00100c                memcpy
                0x000000009f000f98                strswab
                0x000000009f000ddc                strnlen
                0x000000009f000d68                strrchr
                0x000000009f000ca0                strcat
                0x000000009f001190                memchr
                0x000000009f0010d4                strstr
                0x000000009f000e78                strtok
                0x000000009f00109c                memcmp
                0x000000009f000ccc                strncat
                0x000000009f0011bc                strdup
                0x000000009f000fe8                memset
                0x000000009f000f34                strsep
                0x000000009f000e04                strspn
                0x000000009f000d50                strlen
                0x000000009f000d20                strchr
                0x000000009f000e40                strpbrk
 .text          0x000000009f001240      0x190 lib_bootstrap/libbootstrap.a(crc32.o)
                0x000000009f001240                crc32
 .text          0x000000009f0013d0      0x260 lib_bootstrap/libbootstrap.a(LzmaWrapper.o)
                0x000000009f0013d0                lzma_inflate
 .text          0x000000009f001630       0xb0 lib_bootstrap/libbootstrap.a(time.o)
                0x000000009f001660                set_timer
                0x000000009f001644                reset_timer
                0x000000009f0016d4                get_tbclk
                0x000000009f001654                get_timer
                0x000000009f001630                timer_init
                0x000000009f00166c                udelay
                0x000000009f0016c8                get_ticks
 .text          0x000000009f0016e0      0xa90 lib_bootstrap/libbootstrap.a(LzmaDecode.o)
                0x000000009f0016e0                LzmaDecodeProperties
                0x000000009f001758                LzmaDecode
 .text          0x000000009f002170      0x380 board/atheros/board953x/libboard953x.a(board953x.o)
                0x000000009f002178                checkboard
                0x000000009f002450                ath_mem_config
                0x000000009f002214                ath_usb_initial_config
                0x000000009f0024d4                initdram
                0x000000009f002170                ath_gpio_config
 .text          0x000000009f0024f0      0x570 board/atheros/board953x/libboard953x.a(init-953x.o)
                0x000000009f002560                ath_sys_frequency
                0x000000009f0025d4                ath_ddr_initial_config
                0x000000009f002554                ath_uart_freq
                0x000000009f002540                ath_ram_type
                0x000000009f0024f0                ath_ddr_find_size
 .text          0x000000009f002a60      0x240 board/atheros/board953x/libboard953x.a(serial.o)
                0x000000009f002b24                serial_setbrg
                0x000000009f002a60                serial_tstc
                0x000000009f002ab8                serial_putc
                0x000000009f002b80                serial_init
                0x000000009f002b2c                serial_puts
                0x000000009f002a74                serial_getc
 .text          0x000000009f002ca0       0x10 board/atheros/board953x/libboard953x.a(ath_pci.o)
                0x000000009f002ca8                pci_init_board
                0x000000009f002ca0                plat_dev_init
 .text          0x000000009f002cb0      0x250 board/atheros/board953x/libboard953x.a(953x.o)
                0x000000009f002cb0                lowlevel_init
 .text          0x000000009f002f00       0x10 cpu/mips/libmips.a(interrupts.o)
                0x000000009f002f08                disable_interrupts
                0x000000009f002f00                enable_interrupts
 .text          0x000000009f002f10      0x360 cpu/mips/libmips.a(cache.o)
                0x000000009f003178                dcache_flush_range
                0x000000009f002f58                mips_cache_reset
                0x000000009f00311c                mips_cache_lock
                0x000000009f002f10                simple_mips_cache_reset
                0x000000009f0031f4                mips_icache_flush_ix
                0x000000009f003224                mips_cache_lock_24k
                0x000000009f0031a0                mips_cache_flush
                0x000000009f0030f0                dcache_status
                0x000000009f003100                dcache_disable
                0x000000009f003270                . = ALIGN (0x4)

.rodata         0x000000009f003270      0x440
 *(.rodata)
 .rodata        0x000000009f003270       0x40 lib_bootstrap/libbootstrap.a(bootstrap_board.o)
                0x000000009f003270                version_string
 .rodata        0x000000009f0032b0      0x400 lib_bootstrap/libbootstrap.a(crc32.o)

.reginfo        0x000000009f0036b0       0x18
 .reginfo       0x000000009f0036b0       0x18 cpu/mips/start_bootstrap.o

.rodata.str1.4  0x000000009f0036c8       0x3c
 .rodata.str1.4
                0x000000009f0036c8       0x3c board/atheros/board953x/libboard953x.a(board953x.o)

.rel.dyn        0x000000009f003704        0x0
 .rel.dyn       0x0000000000000000        0x0 cpu/mips/start_bootstrap.o
                0x000000009f003704                . = ALIGN (0x4)

.data           0x000000009f003710        0x0 load address 0x000000009f003704
 *(.data)
 .data          0x000000009f003710        0x0 cpu/mips/start_bootstrap.o
 .data          0x000000009f003710        0x0 lib_bootstrap/libbootstrap.a(bootstrap_board.o)
 .data          0x000000009f003710        0x0 lib_bootstrap/libbootstrap.a(string.o)
 .data          0x000000009f003710        0x0 lib_bootstrap/libbootstrap.a(crc32.o)
 .data          0x000000009f003710        0x0 lib_bootstrap/libbootstrap.a(LzmaWrapper.o)
 .data          0x000000009f003710        0x0 lib_bootstrap/libbootstrap.a(time.o)
 .data          0x000000009f003710        0x0 lib_bootstrap/libbootstrap.a(LzmaDecode.o)
 .data          0x000000009f003710        0x0 board/atheros/board953x/libboard953x.a(board953x.o)
 .data          0x000000009f003710        0x0 board/atheros/board953x/libboard953x.a(init-953x.o)
 .data          0x000000009f003710        0x0 board/atheros/board953x/libboard953x.a(serial.o)
 .data          0x000000009f003710        0x0 board/atheros/board953x/libboard953x.a(ath_pci.o)
 .data          0x000000009f003710        0x0 board/atheros/board953x/libboard953x.a(953x.o)
 .data          0x000000009f003710        0x0 cpu/mips/libmips.a(interrupts.o)
 .data          0x000000009f003710        0x0 cpu/mips/libmips.a(cache.o)

.got.plt        0x000000009f003704        0x0
 .got.plt       0x0000000000000000        0x0 cpu/mips/start_bootstrap.o

.data.rel       0x000000009f003704       0x14
 .data.rel      0x000000009f003704       0x14 lib_bootstrap/libbootstrap.a(bootstrap_board.o)
                0x000000009f003704                init_sequence
                0x000000009f003718                . = ALIGN (0x4)

.sdata
 *(.sdata)
 *(.sdata)
                0x000000009f003720                . = ALIGN (0x10)
                0x000000009f003720                _gp = .
                0x000000009f003720                __got_start_bootstrap = .

.got            0x000000009f003720       0xb0
 *(.got)
 .got           0x000000009f003720       0xb0 cpu/mips/start_bootstrap.o
                0x000000009f003720                _GLOBAL_OFFSET_TABLE_
                0x000000009f0037d0                __got_end_bootstrap = .
                0x000000009f0037d0                uboot_end_data_bootstrap = .
                0x000000000000002c                num_got_entries = ((__got_end_bootstrap - __got_start_bootstrap) >> 0x2)
                0x000000009f0037d0                . = ALIGN (0x4)

.sbss
 *(.sbss)

.bss            0x000000009f0037d0       0x30
 *(.bss)
 .bss           0x000000009f0037d0        0x0 cpu/mips/start_bootstrap.o
 .bss           0x000000009f0037d0       0x10 lib_bootstrap/libbootstrap.a(bootstrap_board.o)
 .bss           0x000000009f0037e0        0x0 lib_bootstrap/libbootstrap.a(string.o)
 .bss           0x000000009f0037e0        0x0 lib_bootstrap/libbootstrap.a(crc32.o)
 .bss           0x000000009f0037e0       0x10 lib_bootstrap/libbootstrap.a(LzmaWrapper.o)
 .bss           0x000000009f0037f0        0x0 lib_bootstrap/libbootstrap.a(time.o)
 .bss           0x000000009f0037f0        0x0 lib_bootstrap/libbootstrap.a(LzmaDecode.o)
 .bss           0x000000009f0037f0        0x0 board/atheros/board953x/libboard953x.a(board953x.o)
 .bss           0x000000009f0037f0       0x10 board/atheros/board953x/libboard953x.a(init-953x.o)
 .bss           0x000000009f003800        0x0 board/atheros/board953x/libboard953x.a(serial.o)
 .bss           0x000000009f003800        0x0 board/atheros/board953x/libboard953x.a(ath_pci.o)
 .bss           0x000000009f003800        0x0 board/atheros/board953x/libboard953x.a(953x.o)
 .bss           0x000000009f003800        0x0 cpu/mips/libmips.a(interrupts.o)
 .bss           0x000000009f003800        0x0 cpu/mips/libmips.a(cache.o)
                0x000000009f003800                uboot_end_bootstrap = .
Address of section .text set to 0x9f000000
LOAD cpu/mips/start_bootstrap.o
START GROUP
LOAD lib_bootstrap/libbootstrap.a
LOAD board/atheros/board953x/libboard953x.a
LOAD cpu/mips/libmips.a
END GROUP
LOAD /root/wr841n-bootloader/build/gcc-4.3.3/build_mips/staging_dir/usr/bin/../lib/gcc/mips-linux-uclibc/4.3.3/libgcc.a
OUTPUT(bootstrap elf32-tradbigmips)

.scommon        0x000000009f003800        0x8
 .scommon       0x000000009f003800        0x4 lib_bootstrap/libbootstrap.a(bootstrap_board.o)
                0x000000009f003800                monitor_flash_len
 .scommon       0x000000009f003804        0x4 lib_bootstrap/libbootstrap.a(string.o)
                0x000000009f003804                ___strtok

.pdr            0x0000000000000000      0x860
 .pdr           0x0000000000000000       0x20 cpu/mips/start_bootstrap.o
 .pdr           0x0000000000000020      0x100 lib_bootstrap/libbootstrap.a(bootstrap_board.o)
 .pdr           0x0000000000000120      0x240 lib_bootstrap/libbootstrap.a(string.o)
 .pdr           0x0000000000000360       0x20 lib_bootstrap/libbootstrap.a(crc32.o)
 .pdr           0x0000000000000380       0x20 lib_bootstrap/libbootstrap.a(LzmaWrapper.o)
 .pdr           0x00000000000003a0       0xe0 lib_bootstrap/libbootstrap.a(time.o)
 .pdr           0x0000000000000480       0x40 lib_bootstrap/libbootstrap.a(LzmaDecode.o)
 .pdr           0x00000000000004c0       0xa0 board/atheros/board953x/libboard953x.a(board953x.o)
 .pdr           0x0000000000000560       0xa0 board/atheros/board953x/libboard953x.a(init-953x.o)
 .pdr           0x0000000000000600       0xc0 board/atheros/board953x/libboard953x.a(serial.o)
 .pdr           0x00000000000006c0       0x40 board/atheros/board953x/libboard953x.a(ath_pci.o)
 .pdr           0x0000000000000700        0x0 board/atheros/board953x/libboard953x.a(953x.o)
 .pdr           0x0000000000000700       0x40 cpu/mips/libmips.a(interrupts.o)
 .pdr           0x0000000000000740      0x120 cpu/mips/libmips.a(cache.o)

.stab           0x0000000000000000     0x1d34
 .stab          0x0000000000000000     0x1434 cpu/mips/start_bootstrap.o
 .stab          0x0000000000001434      0x258 board/atheros/board953x/libboard953x.a(953x.o)
                                        0x264 (size before relaxing)
 .stab          0x000000000000168c      0x6a8 cpu/mips/libmips.a(cache.o)
                                        0x6b4 (size before relaxing)

.stabstr        0x0000000000000000      0x1d4
 .stabstr       0x0000000000000000      0x1d4 cpu/mips/start_bootstrap.o

.mdebug.abi32   0x0000000000000000        0x0
 .mdebug.abi32  0x0000000000000000        0x0 lib_bootstrap/libbootstrap.a(bootstrap_board.o)
 .mdebug.abi32  0x0000000000000000        0x0 lib_bootstrap/libbootstrap.a(string.o)
 .mdebug.abi32  0x0000000000000000        0x0 lib_bootstrap/libbootstrap.a(crc32.o)
 .mdebug.abi32  0x0000000000000000        0x0 lib_bootstrap/libbootstrap.a(LzmaWrapper.o)
 .mdebug.abi32  0x0000000000000000        0x0 lib_bootstrap/libbootstrap.a(time.o)
 .mdebug.abi32  0x0000000000000000        0x0 lib_bootstrap/libbootstrap.a(LzmaDecode.o)
 .mdebug.abi32  0x0000000000000000        0x0 board/atheros/board953x/libboard953x.a(board953x.o)
 .mdebug.abi32  0x0000000000000000        0x0 board/atheros/board953x/libboard953x.a(init-953x.o)
 .mdebug.abi32  0x0000000000000000        0x0 board/atheros/board953x/libboard953x.a(serial.o)
 .mdebug.abi32  0x0000000000000000        0x0 board/atheros/board953x/libboard953x.a(ath_pci.o)
 .mdebug.abi32  0x0000000000000000        0x0 cpu/mips/libmips.a(interrupts.o)

.debug_abbrev   0x0000000000000000      0xfaa
 .debug_abbrev  0x0000000000000000      0x2a1 lib_bootstrap/libbootstrap.a(bootstrap_board.o)
 .debug_abbrev  0x00000000000002a1      0x21c lib_bootstrap/libbootstrap.a(string.o)
 .debug_abbrev  0x00000000000004bd       0x9c lib_bootstrap/libbootstrap.a(crc32.o)
 .debug_abbrev  0x0000000000000559      0x1a7 lib_bootstrap/libbootstrap.a(LzmaWrapper.o)
 .debug_abbrev  0x0000000000000700      0x179 lib_bootstrap/libbootstrap.a(time.o)
 .debug_abbrev  0x0000000000000879      0x164 lib_bootstrap/libbootstrap.a(LzmaDecode.o)
 .debug_abbrev  0x00000000000009dd      0x18d board/atheros/board953x/libboard953x.a(board953x.o)
 .debug_abbrev  0x0000000000000b6a      0x1b0 board/atheros/board953x/libboard953x.a(init-953x.o)
 .debug_abbrev  0x0000000000000d1a      0x117 board/atheros/board953x/libboard953x.a(serial.o)
 .debug_abbrev  0x0000000000000e31      0x114 board/atheros/board953x/libboard953x.a(ath_pci.o)
 .debug_abbrev  0x0000000000000f45       0x65 cpu/mips/libmips.a(interrupts.o)

.debug_info     0x0000000000000000     0x2653
 .debug_info    0x0000000000000000      0x6aa lib_bootstrap/libbootstrap.a(bootstrap_board.o)
 .debug_info    0x00000000000006aa      0x729 lib_bootstrap/libbootstrap.a(string.o)
 .debug_info    0x0000000000000dd3      0x136 lib_bootstrap/libbootstrap.a(crc32.o)
 .debug_info    0x0000000000000f09      0x35b lib_bootstrap/libbootstrap.a(LzmaWrapper.o)
 .debug_info    0x0000000000001264      0x28e lib_bootstrap/libbootstrap.a(time.o)
 .debug_info    0x00000000000014f2      0x4eb lib_bootstrap/libbootstrap.a(LzmaDecode.o)
 .debug_info    0x00000000000019dd      0x24d board/atheros/board953x/libboard953x.a(board953x.o)
 .debug_info    0x0000000000001c2a      0x323 board/atheros/board953x/libboard953x.a(init-953x.o)
 .debug_info    0x0000000000001f4d      0x180 board/atheros/board953x/libboard953x.a(serial.o)
 .debug_info    0x00000000000020cd      0x4de board/atheros/board953x/libboard953x.a(ath_pci.o)
 .debug_info    0x00000000000025ab       0xa8 cpu/mips/libmips.a(interrupts.o)

.debug_line     0x0000000000000000      0xe26
 .debug_line    0x0000000000000000      0x1e5 lib_bootstrap/libbootstrap.a(bootstrap_board.o)
 .debug_line    0x00000000000001e5      0x1b3 lib_bootstrap/libbootstrap.a(string.o)
 .debug_line    0x0000000000000398       0xdb lib_bootstrap/libbootstrap.a(crc32.o)
 .debug_line    0x0000000000000473      0x162 lib_bootstrap/libbootstrap.a(LzmaWrapper.o)
 .debug_line    0x00000000000005d5       0xf6 lib_bootstrap/libbootstrap.a(time.o)
 .debug_line    0x00000000000006cb      0x1d8 lib_bootstrap/libbootstrap.a(LzmaDecode.o)
 .debug_line    0x00000000000008a3      0x15f board/atheros/board953x/libboard953x.a(board953x.o)
 .debug_line    0x0000000000000a02      0x19b board/atheros/board953x/libboard953x.a(init-953x.o)
 .debug_line    0x0000000000000b9d      0x131 board/atheros/board953x/libboard953x.a(serial.o)
 .debug_line    0x0000000000000cce      0x119 board/atheros/board953x/libboard953x.a(ath_pci.o)
 .debug_line    0x0000000000000de7       0x3f cpu/mips/libmips.a(interrupts.o)

.debug_frame    0x0000000000000000      0x528
 .debug_frame   0x0000000000000000       0xb0 lib_bootstrap/libbootstrap.a(bootstrap_board.o)
 .debug_frame   0x00000000000000b0      0x16c lib_bootstrap/libbootstrap.a(string.o)
 .debug_frame   0x000000000000021c       0x20 lib_bootstrap/libbootstrap.a(crc32.o)
 .debug_frame   0x000000000000023c       0x38 lib_bootstrap/libbootstrap.a(LzmaWrapper.o)
 .debug_frame   0x0000000000000274       0x88 lib_bootstrap/libbootstrap.a(time.o)
 .debug_frame   0x00000000000002fc       0x48 lib_bootstrap/libbootstrap.a(LzmaDecode.o)
 .debug_frame   0x0000000000000344       0x7c board/atheros/board953x/libboard953x.a(board953x.o)
 .debug_frame   0x00000000000003c0       0x78 board/atheros/board953x/libboard953x.a(init-953x.o)
 .debug_frame   0x0000000000000438       0x90 board/atheros/board953x/libboard953x.a(serial.o)
 .debug_frame   0x00000000000004c8       0x30 board/atheros/board953x/libboard953x.a(ath_pci.o)
 .debug_frame   0x00000000000004f8       0x30 cpu/mips/libmips.a(interrupts.o)

.debug_loc      0x0000000000000000     0x145d
 .debug_loc     0x0000000000000000      0x180 lib_bootstrap/libbootstrap.a(bootstrap_board.o)
 .debug_loc     0x0000000000000180      0x407 lib_bootstrap/libbootstrap.a(string.o)
 .debug_loc     0x0000000000000587       0xc8 lib_bootstrap/libbootstrap.a(crc32.o)
 .debug_loc     0x000000000000064f      0x21b lib_bootstrap/libbootstrap.a(LzmaWrapper.o)
 .debug_loc     0x000000000000086a       0x6b lib_bootstrap/libbootstrap.a(time.o)
 .debug_loc     0x00000000000008d5      0x802 lib_bootstrap/libbootstrap.a(LzmaDecode.o)
 .debug_loc     0x00000000000010d7      0x10b board/atheros/board953x/libboard953x.a(board953x.o)
 .debug_loc     0x00000000000011e2      0x1a5 board/atheros/board953x/libboard953x.a(init-953x.o)
 .debug_loc     0x0000000000001387       0xd6 board/atheros/board953x/libboard953x.a(serial.o)

.debug_pubnames
                0x0000000000000000      0x46b
 .debug_pubnames
                0x0000000000000000       0xbc lib_bootstrap/libbootstrap.a(bootstrap_board.o)
 .debug_pubnames
                0x00000000000000bc       0xec lib_bootstrap/libbootstrap.a(string.o)
 .debug_pubnames
                0x00000000000001a8       0x1c lib_bootstrap/libbootstrap.a(crc32.o)
 .debug_pubnames
                0x00000000000001c4       0x23 lib_bootstrap/libbootstrap.a(LzmaWrapper.o)
 .debug_pubnames
                0x00000000000001e7       0x74 lib_bootstrap/libbootstrap.a(time.o)
 .debug_pubnames
                0x000000000000025b       0x3a lib_bootstrap/libbootstrap.a(LzmaDecode.o)
 .debug_pubnames
                0x0000000000000295       0x70 board/atheros/board953x/libboard953x.a(board953x.o)
 .debug_pubnames
                0x0000000000000305       0x7c board/atheros/board953x/libboard953x.a(init-953x.o)
 .debug_pubnames
                0x0000000000000381       0x74 board/atheros/board953x/libboard953x.a(serial.o)
 .debug_pubnames
                0x00000000000003f5       0x37 board/atheros/board953x/libboard953x.a(ath_pci.o)
 .debug_pubnames
                0x000000000000042c       0x3f cpu/mips/libmips.a(interrupts.o)

.debug_aranges  0x0000000000000000      0x160
 .debug_aranges
                0x0000000000000000       0x20 lib_bootstrap/libbootstrap.a(bootstrap_board.o)
 .debug_aranges
                0x0000000000000020       0x20 lib_bootstrap/libbootstrap.a(string.o)
 .debug_aranges
                0x0000000000000040       0x20 lib_bootstrap/libbootstrap.a(crc32.o)
 .debug_aranges
                0x0000000000000060       0x20 lib_bootstrap/libbootstrap.a(LzmaWrapper.o)
 .debug_aranges
                0x0000000000000080       0x20 lib_bootstrap/libbootstrap.a(time.o)
 .debug_aranges
                0x00000000000000a0       0x20 lib_bootstrap/libbootstrap.a(LzmaDecode.o)
 .debug_aranges
                0x00000000000000c0       0x20 board/atheros/board953x/libboard953x.a(board953x.o)
 .debug_aranges
                0x00000000000000e0       0x20 board/atheros/board953x/libboard953x.a(init-953x.o)
 .debug_aranges
                0x0000000000000100       0x20 board/atheros/board953x/libboard953x.a(serial.o)
 .debug_aranges
                0x0000000000000120       0x20 board/atheros/board953x/libboard953x.a(ath_pci.o)
 .debug_aranges
                0x0000000000000140       0x20 cpu/mips/libmips.a(interrupts.o)

.debug_ranges   0x0000000000000000      0x1f0
 .debug_ranges  0x0000000000000000       0x18 lib_bootstrap/libbootstrap.a(bootstrap_board.o)
 .debug_ranges  0x0000000000000018       0x98 lib_bootstrap/libbootstrap.a(LzmaWrapper.o)
 .debug_ranges  0x00000000000000b0      0x128 lib_bootstrap/libbootstrap.a(LzmaDecode.o)
 .debug_ranges  0x00000000000001d8       0x18 board/atheros/board953x/libboard953x.a(board953x.o)

.debug_str      0x0000000000000000      0xb9b
 .debug_str     0x0000000000000000      0x3a7 lib_bootstrap/libbootstrap.a(bootstrap_board.o)
                                        0x409 (size before relaxing)
 .debug_str     0x00000000000003a7       0xd6 lib_bootstrap/libbootstrap.a(string.o)
                                        0x1c3 (size before relaxing)
 .debug_str     0x000000000000047d       0x30 lib_bootstrap/libbootstrap.a(crc32.o)
                                        0x10f (size before relaxing)
 .debug_str     0x00000000000004ad      0x124 lib_bootstrap/libbootstrap.a(LzmaWrapper.o)
                                        0x253 (size before relaxing)
 .debug_str     0x00000000000005d1       0x7c lib_bootstrap/libbootstrap.a(time.o)
                                        0x16c (size before relaxing)
 .debug_str     0x000000000000064d      0x139 lib_bootstrap/libbootstrap.a(LzmaDecode.o)
                                        0x24f (size before relaxing)
 .debug_str     0x0000000000000786       0xa8 board/atheros/board953x/libboard953x.a(board953x.o)
                                        0x17b (size before relaxing)
 .debug_str     0x000000000000082e      0x120 board/atheros/board953x/libboard953x.a(init-953x.o)
                                        0x22f (size before relaxing)
 .debug_str     0x000000000000094e       0x5d board/atheros/board953x/libboard953x.a(serial.o)
                                        0x14f (size before relaxing)
 .debug_str     0x00000000000009ab      0x187 board/atheros/board953x/libboard953x.a(ath_pci.o)
                                        0x298 (size before relaxing)
 .debug_str     0x0000000000000b32       0x69 cpu/mips/libmips.a(interrupts.o)
                                        0x101 (size before relaxing)

.comment        0x0000000000000000       0xc6
 .comment       0x0000000000000000       0x12 lib_bootstrap/libbootstrap.a(bootstrap_board.o)
 .comment       0x0000000000000012       0x12 lib_bootstrap/libbootstrap.a(string.o)
 .comment       0x0000000000000024       0x12 lib_bootstrap/libbootstrap.a(crc32.o)
 .comment       0x0000000000000036       0x12 lib_bootstrap/libbootstrap.a(LzmaWrapper.o)
 .comment       0x0000000000000048       0x12 lib_bootstrap/libbootstrap.a(time.o)
 .comment       0x000000000000005a       0x12 lib_bootstrap/libbootstrap.a(LzmaDecode.o)
 .comment       0x000000000000006c       0x12 board/atheros/board953x/libboard953x.a(board953x.o)
 .comment       0x000000000000007e       0x12 board/atheros/board953x/libboard953x.a(init-953x.o)
 .comment       0x0000000000000090       0x12 board/atheros/board953x/libboard953x.a(serial.o)
 .comment       0x00000000000000a2       0x12 board/atheros/board953x/libboard953x.a(ath_pci.o)
 .comment       0x00000000000000b4       0x12 cpu/mips/libmips.a(interrupts.o)

.gnu.attributes
                0x0000000000000000       0x10
 .gnu.attributes
                0x0000000000000000       0x10 lib_bootstrap/libbootstrap.a(bootstrap_board.o)
 .gnu.attributes
                0x0000000000000010       0x10 lib_bootstrap/libbootstrap.a(string.o)
 .gnu.attributes
                0x0000000000000020       0x10 lib_bootstrap/libbootstrap.a(crc32.o)
 .gnu.attributes
                0x0000000000000030       0x10 lib_bootstrap/libbootstrap.a(LzmaWrapper.o)
 .gnu.attributes
                0x0000000000000040       0x10 lib_bootstrap/libbootstrap.a(time.o)
 .gnu.attributes
                0x0000000000000050       0x10 lib_bootstrap/libbootstrap.a(LzmaDecode.o)
 .gnu.attributes
                0x0000000000000060       0x10 board/atheros/board953x/libboard953x.a(board953x.o)
 .gnu.attributes
                0x0000000000000070       0x10 board/atheros/board953x/libboard953x.a(init-953x.o)
 .gnu.attributes
                0x0000000000000080       0x10 board/atheros/board953x/libboard953x.a(serial.o)
 .gnu.attributes
                0x0000000000000090       0x10 board/atheros/board953x/libboard953x.a(ath_pci.o)
 .gnu.attributes
                0x00000000000000a0       0x10 cpu/mips/libmips.a(interrupts.o)
